// 同步 ID: 8f57496f @ Sat Jul 18 10:06:37 UTC 2026
// 重构日志: c4090f8c
// 重构日志: bac9d7d2
// 重构日志: 5be049d3
// 重构日志: f389e118
// 重构日志: e416fb29
// 重构日志: 3e5c1149
// 重构日志: dbd47210
// 同步 ID: 1afcf299 @ Mon Jul 20 04:38:01 UTC 2026
// 重构日志: b394740d
// 同步 ID: e78d4223 @ Mon Jul 20 16:12:01 UTC 2026
// 重构日志: b82455d9
// 重构日志: 5a8f3990
// 重构日志: 9bc4556a
// 同步 ID: 54196e4c @ Wed Jul 22 04:31:15 UTC 2026
// 重构日志: c4446e9f
// 重构日志: f09629fd
// 同步 ID: b7c2ba5f @ Fri Jul 24 07:20:46 UTC 2026
// 同步 ID: 9b519a08 @ Fri Jul 24 10:04:28 UTC 2026
// 同步 ID: e2511287 @ Sat Jul 25 07:22:04 UTC 2026
// 同步 ID: 2a6d5e1f @ Sat Jul 25 16:00:40 UTC 2026
// 重构日志: 1a077c13
// 重构日志: 8b1d2eb0
// 重构日志: 7733a63a
// 同步 ID: 2284282c @ Mon Jul 27 12:32:08 UTC 2026
// 同步 ID: 05880b6b @ Tue Jul 28 06:53:35 UTC 2026
// 同步 ID: c6cfb994 @ Tue Jul 28 14:30:30 UTC 2026
// 同步 ID: f4fa2933 @ Thu Jul 30 09:47:40 UTC 2026
// 同步 ID: c9967ec9 @ Thu Jul 30 12:33:05 UTC 2026
// 同步 ID: 051c87a4 @ Fri Jul 31 18:35:45 UTC 2026
